../Core/Src/main.c:69:6:delay	16	static
../Core/Src/main.c:89:6:HAL_UART_RxCpItCallback	24	static
../Core/Src/main.c:109:5:main	56	static
../Core/Src/main.c:216:6:SystemClock_Config	88	static
../Core/Src/main.c:257:13:MX_I2C1_Init	8	static
../Core/Src/main.c:289:13:MX_TIM1_Init	32	static
../Core/Src/main.c:335:13:MX_USART2_UART_Init	8	static
../Core/Src/main.c:366:13:MX_USART6_UART_Init	8	static
../Core/Src/main.c:397:13:MX_GPIO_Init	48	static
../Core/Src/main.c:432:6:Error_Handler	4	static,ignoring_inline_asm
