../Core/Src/main.c:69:6:delay	16	static
../Core/Src/main.c:87:6:HAL_UART_RxCpItCallback	24	static
../Core/Src/main.c:102:6:HAL_TIM_IC_CaptureCallback	16	static
../Core/Src/main.c:128:6:HCSR04_Read	8	static
../Core/Src/main.c:143:5:main	160	static
../Core/Src/main.c:249:6:SystemClock_Config	88	static
../Core/Src/main.c:293:13:MX_I2C1_Init	8	static
../Core/Src/main.c:327:13:MX_TIM1_Init	32	static
../Core/Src/main.c:376:13:MX_USART2_UART_Init	8	static
../Core/Src/main.c:409:13:MX_USART6_UART_Init	8	static
../Core/Src/main.c:442:13:MX_GPIO_Init	48	static
../Core/Src/main.c:478:6:Error_Handler	4	static,ignoring_inline_asm
